  accGrid2d.cpp
D:\Projects\C++\sphFluidCPU\openglLearning\acceleration\accGrid2d.cpp(4,51): warning C4244: “return”: 从“double”转换到“size_t”，可能丢失数据
D:\Projects\C++\sphFluidCPU\openglLearning\acceleration\accGrid2d.cpp(6,51): warning C4244: “return”: 从“double”转换到“size_t”，可能丢失数据
D:\Projects\C++\sphFluidCPU\openglLearning\acceleration\accGrid2d.cpp(8,51): warning C4244: “return”: 从“double”转换到“size_t”，可能丢失数据
D:\Projects\C++\sphFluidCPU\openglLearning\acceleration\accGrid2d.cpp(12,20): warning C4244: “=”: 从“double”转换到“int”，可能丢失数据
D:\Projects\C++\sphFluidCPU\openglLearning\acceleration\accGrid2d.cpp(13,20): warning C4244: “=”: 从“double”转换到“int”，可能丢失数据
D:\Projects\C++\sphFluidCPU\openglLearning\acceleration\accGrid2d.cpp(14,20): warning C4244: “=”: 从“double”转换到“int”，可能丢失数据
D:\Projects\C++\sphFluidCPU\openglLearning\acceleration\accGrid2d.cpp(68,16): warning C4267: “初始化”: 从“size_t”转换到“int”，可能丢失数据
  boxRender.cpp
D:\Projects\C++\sphFluidCPU\openglLearning\gl\camera.h(73,25): warning C4244: “=”: 从“double”转换到“float”，可能丢失数据
  (编译源文件“glRender/boxRender.cpp”)
  
D:\Projects\C++\sphFluidCPU\openglLearning\gl\camera.h(74,25): warning C4244: “=”: 从“double”转换到“float”，可能丢失数据
  (编译源文件“glRender/boxRender.cpp”)
  
D:\Projects\C++\sphFluidCPU\openglLearning\gl\camera.h(80,23): warning C4244: “-=”: 从“double”转换到“float”，可能丢失数据
  (编译源文件“glRender/boxRender.cpp”)
  
D:\Projects\C++\sphFluidCPU\openglLearning\gl\camera.h(81,20): warning C4244: “=”: 从“double”转换到“float”，可能丢失数据
  (编译源文件“glRender/boxRender.cpp”)
  
D:\Projects\C++\sphFluidCPU\openglLearning\gl\camera.h(82,20): warning C4244: “=”: 从“double”转换到“float”，可能丢失数据
  (编译源文件“glRender/boxRender.cpp”)
  
D:\Projects\C++\sphFluidCPU\openglLearning\glRender\boxRender.cpp(35,59): warning C4267: “参数”: 从“size_t”转换到“GLsizei”，可能丢失数据
D:\Projects\C++\sphFluidCPU\openglLearning\glRender\boxRender.cpp(56,59): warning C4267: “参数”: 从“size_t”转换到“GLsizei”，可能丢失数据
  LiquidRender.cpp
D:\Projects\C++\sphFluidCPU\openglLearning\gl\Camera.h(73,25): warning C4244: “=”: 从“double”转换到“float”，可能丢失数据
  (编译源文件“glRender/LiquidRender.cpp”)
  
D:\Projects\C++\sphFluidCPU\openglLearning\gl\Camera.h(74,25): warning C4244: “=”: 从“double”转换到“float”，可能丢失数据
  (编译源文件“glRender/LiquidRender.cpp”)
  
D:\Projects\C++\sphFluidCPU\openglLearning\gl\Camera.h(80,23): warning C4244: “-=”: 从“double”转换到“float”，可能丢失数据
  (编译源文件“glRender/LiquidRender.cpp”)
  
D:\Projects\C++\sphFluidCPU\openglLearning\gl\Camera.h(81,20): warning C4244: “=”: 从“double”转换到“float”，可能丢失数据
  (编译源文件“glRender/LiquidRender.cpp”)
  
D:\Projects\C++\sphFluidCPU\openglLearning\gl\Camera.h(82,20): warning C4244: “=”: 从“double”转换到“float”，可能丢失数据
  (编译源文件“glRender/LiquidRender.cpp”)
  
  ScreenRender.cpp
  sphRender.cpp
D:\Projects\C++\sphFluidCPU\openglLearning\gl\camera.h(73,25): warning C4244: “=”: 从“double”转换到“float”，可能丢失数据
  (编译源文件“glRender/sphRender.cpp”)
  
D:\Projects\C++\sphFluidCPU\openglLearning\gl\camera.h(74,25): warning C4244: “=”: 从“double”转换到“float”，可能丢失数据
  (编译源文件“glRender/sphRender.cpp”)
  
D:\Projects\C++\sphFluidCPU\openglLearning\gl\camera.h(80,23): warning C4244: “-=”: 从“double”转换到“float”，可能丢失数据
  (编译源文件“glRender/sphRender.cpp”)
  
D:\Projects\C++\sphFluidCPU\openglLearning\gl\camera.h(81,20): warning C4244: “=”: 从“double”转换到“float”，可能丢失数据
  (编译源文件“glRender/sphRender.cpp”)
  
D:\Projects\C++\sphFluidCPU\openglLearning\gl\camera.h(82,20): warning C4244: “=”: 从“double”转换到“float”，可能丢失数据
  (编译源文件“glRender/sphRender.cpp”)
  
D:\Projects\C++\sphFluidCPU\openglLearning\glRender\sphRender.cpp(14,104): warning C4244: “参数”: 从“double”转换到“const float”，可能丢失数据
D:\Projects\C++\sphFluidCPU\openglLearning\glRender\sphRender.cpp(14,85): warning C4244: “参数”: 从“double”转换到“const float”，可能丢失数据
D:\Projects\C++\sphFluidCPU\openglLearning\glRender\sphRender.cpp(14,70): warning C4244: “参数”: 从“double”转换到“const float”，可能丢失数据
D:\Projects\C++\sphFluidCPU\openglLearning\glRender\sphRender.cpp(14,55): warning C4244: “参数”: 从“double”转换到“const float”，可能丢失数据
D:\Projects\C++\sphFluidCPU\openglLearning\glRender\sphRender.cpp(46,26): warning C4244: “初始化”: 从“double”转换到“float”，可能丢失数据
D:\Projects\C++\sphFluidCPU\openglLearning\glRender\sphRender.cpp(51,35): warning C4305: “参数”: 从“double”到“float”截断
D:\Projects\C++\sphFluidCPU\openglLearning\glRender\sphRender.cpp(53,37): warning C4305: “参数”: 从“double”到“float”截断
D:\Projects\C++\sphFluidCPU\openglLearning\glRender\sphRender.cpp(54,41): warning C4244: “参数”: 从“double”转换到“float”，可能丢失数据
D:\Projects\C++\sphFluidCPU\openglLearning\glRender\sphRender.cpp(68,26): warning C4267: “=”: 从“size_t”转换到“unsigned int”，可能丢失数据
D:\Projects\C++\sphFluidCPU\openglLearning\glRender\sphRender.cpp(136,25): warning C4305: “参数”: 从“double”到“GLfloat”截断
D:\Projects\C++\sphFluidCPU\openglLearning\glRender\sphRender.cpp(136,20): warning C4305: “参数”: 从“double”到“GLfloat”截断
D:\Projects\C++\sphFluidCPU\openglLearning\glRender\sphRender.cpp(136,15): warning C4305: “参数”: 从“double”到“GLfloat”截断
  mesh.cpp
  model.cpp
  OffScreenBuffer.cpp
  shader.cpp
  window.cpp
D:\Projects\C++\sphFluidCPU\openglLearning\gl\camera.h(73,25): warning C4244: “=”: 从“double”转换到“float”，可能丢失数据
  (编译源文件“gl/window.cpp”)
  
D:\Projects\C++\sphFluidCPU\openglLearning\gl\camera.h(74,25): warning C4244: “=”: 从“double”转换到“float”，可能丢失数据
  (编译源文件“gl/window.cpp”)
  
D:\Projects\C++\sphFluidCPU\openglLearning\gl\camera.h(80,23): warning C4244: “-=”: 从“double”转换到“float”，可能丢失数据
  (编译源文件“gl/window.cpp”)
  
D:\Projects\C++\sphFluidCPU\openglLearning\gl\camera.h(81,20): warning C4244: “=”: 从“double”转换到“float”，可能丢失数据
  (编译源文件“gl/window.cpp”)
  
D:\Projects\C++\sphFluidCPU\openglLearning\gl\camera.h(82,20): warning C4244: “=”: 从“double”转换到“float”，可能丢失数据
  (编译源文件“gl/window.cpp”)
  
  SPHBalldata.cpp
  SPHsystem.cpp
D:\Projects\C++\sphFluidCPU\openglLearning\SPH\SPHsystem.cpp(5,52): warning C4267: “参数”: 从“size_t”转换到“int”，可能丢失数据
D:\Projects\C++\sphFluidCPU\openglLearning\SPH\SPHsystem.cpp(5,48): warning C4267: “参数”: 从“size_t”转换到“int”，可能丢失数据
D:\Projects\C++\sphFluidCPU\openglLearning\SPH\SPHsystem.cpp(5,44): warning C4267: “参数”: 从“size_t”转换到“int”，可能丢失数据
D:\Projects\C++\sphFluidCPU\openglLearning\SPH\SPHsystem.cpp(9,15): warning C4244: “初始化”: 从“double”转换到“float”，可能丢失数据
D:\Projects\C++\sphFluidCPU\openglLearning\SPH\SPHsystem.cpp(9,74): warning C4244: “+=”: 从“double”转换到“float”，可能丢失数据
D:\Projects\C++\sphFluidCPU\openglLearning\SPH\SPHsystem.cpp(11,16): warning C4244: “初始化”: 从“double”转换到“float”，可能丢失数据
D:\Projects\C++\sphFluidCPU\openglLearning\SPH\SPHsystem.cpp(11,72): warning C4244: “+=”: 从“double”转换到“float”，可能丢失数据
D:\Projects\C++\sphFluidCPU\openglLearning\SPH\SPHsystem.cpp(12,17): warning C4244: “初始化”: 从“double”转换到“float”，可能丢失数据
D:\Projects\C++\sphFluidCPU\openglLearning\SPH\SPHsystem.cpp(12,91): warning C4244: “+=”: 从“double”转换到“float”，可能丢失数据
D:\Projects\C++\sphFluidCPU\openglLearning\SPH\SPHsystem.cpp(58,13): warning C4849: “collapse”指令中忽略 OpenMP“parallel for”子句
D:\Projects\C++\sphFluidCPU\openglLearning\SPH\SPHsystem.cpp(92,66): warning C4267: “参数”: 从“size_t”转换到“const int”，可能丢失数据
D:\Projects\C++\sphFluidCPU\openglLearning\SPH\SPHsystem.cpp(92,59): warning C4267: “参数”: 从“size_t”转换到“const int”，可能丢失数据
D:\Projects\C++\sphFluidCPU\openglLearning\SPH\SPHsystem.cpp(92,52): warning C4267: “参数”: 从“size_t”转换到“const int”，可能丢失数据
D:\Projects\C++\sphFluidCPU\openglLearning\SPH\SPHsystem.cpp(123,66): warning C4267: “参数”: 从“size_t”转换到“const int”，可能丢失数据
D:\Projects\C++\sphFluidCPU\openglLearning\SPH\SPHsystem.cpp(123,59): warning C4267: “参数”: 从“size_t”转换到“const int”，可能丢失数据
D:\Projects\C++\sphFluidCPU\openglLearning\SPH\SPHsystem.cpp(123,52): warning C4267: “参数”: 从“size_t”转换到“const int”，可能丢失数据
D:\Projects\C++\sphFluidCPU\openglLearning\SPH\SPHsystem.cpp(137,13): warning C4849: “collapse”指令中忽略 OpenMP“parallel for”子句
D:\Projects\C++\sphFluidCPU\openglLearning\SPH\SPHsystem.cpp(147,13): warning C4849: “collapse”指令中忽略 OpenMP“parallel for”子句
D:\Projects\C++\sphFluidCPU\openglLearning\SPH\SPHsystem.cpp(157,13): warning C4849: “collapse”指令中忽略 OpenMP“parallel for”子句
  main.cpp
D:\Projects\C++\sphFluidCPU\openglLearning\gl\camera.h(73,25): warning C4244: “=”: 从“double”转换到“float”，可能丢失数据
  (编译源文件“main.cpp”)
  
D:\Projects\C++\sphFluidCPU\openglLearning\gl\camera.h(74,25): warning C4244: “=”: 从“double”转换到“float”，可能丢失数据
  (编译源文件“main.cpp”)
  
D:\Projects\C++\sphFluidCPU\openglLearning\gl\camera.h(80,23): warning C4244: “-=”: 从“double”转换到“float”，可能丢失数据
  (编译源文件“main.cpp”)
  
D:\Projects\C++\sphFluidCPU\openglLearning\gl\camera.h(81,20): warning C4244: “=”: 从“double”转换到“float”，可能丢失数据
  (编译源文件“main.cpp”)
  
D:\Projects\C++\sphFluidCPU\openglLearning\gl\camera.h(82,20): warning C4244: “=”: 从“double”转换到“float”，可能丢失数据
  (编译源文件“main.cpp”)
  
D:\Projects\C++\sphFluidCPU\openglLearning\glRender\worldRender.h(24,32): warning C4305: “参数”: 从“double”到“GLfloat”截断
  (编译源文件“main.cpp”)
  
D:\Projects\C++\sphFluidCPU\openglLearning\glRender\worldRender.h(24,27): warning C4305: “参数”: 从“double”到“GLfloat”截断
  (编译源文件“main.cpp”)
  
D:\Projects\C++\sphFluidCPU\openglLearning\glRender\worldRender.h(24,22): warning C4305: “参数”: 从“double”到“GLfloat”截断
  (编译源文件“main.cpp”)
  
  glad.c
  正在生成代码
  Previous IPDB not found, fall back to full compilation.
  All 2604 functions were compiled because no usable IPDB/IOBJ from previous compilation was found.
  已完成代码的生成
  openglLearning.vcxproj -> D:\Projects\C++\sphFluidCPU\x64\Release\openglLearning.exe
